  <b>0 - resque</b>
  <b>1 - hub</b>
  <b>2 - rip</b>
