# Links
- [Home](https://www.example.com/home)
- [Other Link](https://www.example.com/other-page)

# Standard List
- homeLink
- otherLink

