  <b>hub - Hub</b>
  <b>rip - Rip</b>
  <b>resque - Resque</b>
