Purposely Unsafe for Backwards Compatibility
value
* 1
* 2
* 3
AAA BBB
