Function: 'repo'
Specific Element: rip
Loop:
  <b>"'resque'" resque</b>
  <b>"'hub'" hub</b>
  <b>"'rip'" rip</b>

hello world 
X: repo
